Started by user [8mha:////4JZ00hoH0aYdaAukS8leisW/GMU2N+yguXH1+T0tP5UwAAAAlh+LCAAAAAAAAP9b85aBtbiIQTGjNKU4P08vOT+vOD8nVc83PyU1x6OyILUoJzMv2y+/JJUBAhiZGBgqihhk0NSjKDWzXb3RdlLBUSYGJk8GtpzUvPSSDB8G5tKinBIGIZ+sxLJE/ZzEvHT94JKizLx0a6BxUmjGOUNodHsLgAyOEgYu/dLi1CL94szcTABr0ZgVvwAAAA==[0mSimi S M
Running as SYSTEM
Building in workspace C:\Program Files (x86)\Jenkins\workspace\GitProject
Unable to auto-install JDK until the license is accepted.
[GitProject] $ cmd /c call C:\Windows\TEMP\jenkins1462619505102997194.bat

C:\Program Files (x86)\Jenkins\workspace\GitProject>mkdir GitProject 

C:\Program Files (x86)\Jenkins\workspace\GitProject>cd GitProject 

C:\Program Files (x86)\Jenkins\workspace\GitProject\GitProject>git init 
Initialized empty Git repository in C:/Program Files (x86)/Jenkins/workspace/GitProject/GitProject/.git/

C:\Program Files (x86)\Jenkins\workspace\GitProject\GitProject>echo  "Git integration using Jenkins" 1>Demo.txt 

C:\Program Files (x86)\Jenkins\workspace\GitProject\GitProject>git status 
On branch master

No commits yet

Untracked files:
  (use "git add <file>..." to include in what will be committed)
	Demo.txt

nothing added to commit but untracked files present (use "git add" to track)

C:\Program Files (x86)\Jenkins\workspace\GitProject\GitProject>git add . 

C:\Program Files (x86)\Jenkins\workspace\GitProject\GitProject>git commit -m"first commit" 
[master (root-commit) 6c3ae7a] first commit
 Committer: javaust47$ <JAVAUST47$@iiht.tech>
Your name and email address were configured automatically based
on your username and hostname. Please check that they are accurate.
You can suppress this message by setting them explicitly. Run the
following command and follow the instructions in your editor to edit
your configuration file:

    git config --global --edit

After doing this, you may fix the identity used for this commit with:

    git commit --amend --reset-author

 1 file changed, 1 insertion(+)
 create mode 100644 Demo.txt

C:\Program Files (x86)\Jenkins\workspace\GitProject\GitProject>git remote add origin https://github.com/SimimolSM/GitJenkinsProject.git 

C:\Program Files (x86)\Jenkins\workspace\GitProject\GitProject>git push -u origin main 
error: src refspec main does not match any
error: failed to push some refs to 'https://github.com/SimimolSM/GitJenkinsProject.git'

C:\Program Files (x86)\Jenkins\workspace\GitProject\GitProject>exit 1 
Build step 'Execute Windows batch command' marked build as failure
Finished: FAILURE
